../Core/Src/flight_state.c:26:6:FlightState_Init	8	static
../Core/Src/flight_state.c:32:6:FlightState_Update	40	static
../Core/Src/flight_state.c:109:15:FlightState_GetCurrent	4	static
../Core/Src/flight_state.c:114:7:FlightState_GetGroundAltitude	4	static
../Core/Src/flight_state.c:119:10:FlightState_GetLaunchTime	4	static
../Core/Src/flight_state.c:124:10:FlightState_GetApogeeTime	4	static
../Core/Src/flight_state.c:129:10:FlightState_GetLandingTime	4	static
../Core/Src/flight_state.c:138:7:FlightState_GetMaxAltitude	4	static
../Core/Src/flight_state.c:143:7:FlightState_GetMaxVelocity	4	static
