../Core/Src/flight_state.c:26:6:FlightState_Init	8	static
../Core/Src/flight_state.c:32:6:FlightState_Update	24	static
../Core/Src/flight_state.c:110:15:FlightState_GetCurrent	4	static
../Core/Src/flight_state.c:115:7:FlightState_GetGroundAltitude	4	static
../Core/Src/flight_state.c:120:10:FlightState_GetLaunchTime	4	static
../Core/Src/flight_state.c:125:10:FlightState_GetApogeeTime	4	static
../Core/Src/flight_state.c:130:10:FlightState_GetLandingTime	4	static
../Core/Src/flight_state.c:139:7:FlightState_GetMaxAltitude	4	static
../Core/Src/flight_state.c:144:7:FlightState_GetMaxVelocity	4	static
