../Core/Src/main.c:83:13:PrintState	24	static
../Core/Src/main.c:108:13:PrintIMUData	48	static
../Core/Src/main.c:114:13:DriveStateLED	24	static
../Core/Src/main.c:164:5:main	32	static
../Core/Src/main.c:294:6:SystemClock_Config	120	static
../Core/Src/main.c:343:13:MX_TIM7_Init	24	static
../Core/Src/main.c:379:13:MX_USART2_UART_Init	8	static
../Core/Src/main.c:424:13:MX_GPIO_Init	24	static
../Core/Src/main.c:451:6:HAL_TIM_PeriodElapsedCallback	16	static
../Core/Src/main.c:470:6:BSP_PB_Callback	16	static
../Core/Src/main.c:480:6:Error_Handler	4	static,ignoring_inline_asm
