../Core/Src/main.c:83:14:PrintState	24	static
../Core/Src/main.c:109:13:PrintIMUData	56	static
../Core/Src/main.c:115:13:DriveStateLED	24	static
../Core/Src/main.c:165:5:main	32	static
../Core/Src/main.c:300:6:SystemClock_Config	120	static
../Core/Src/main.c:349:13:MX_TIM7_Init	24	static
../Core/Src/main.c:385:13:MX_USART2_UART_Init	8	static
../Core/Src/main.c:430:13:MX_GPIO_Init	24	static
../Core/Src/main.c:457:6:HAL_TIM_PeriodElapsedCallback	16	static
../Core/Src/main.c:476:6:BSP_PB_Callback	16	static
../Core/Src/main.c:486:6:Error_Handler	4	static,ignoring_inline_asm
